// Jest Snapshot v1, https://goo.gl/fbAQLP

exports[`@elements/button Deve ciar um botao da cor correspondente quando indicado como propriedade 1`] = `
<button
  primary="true"
  style="align-items: center; background-color: var(--color-primary); border: var(--border-width-hairline) solid var(--color-primary); border-radius: var(--border-radius-sm); color: var(--color-pure-white); cursor: pointer; display: flex; font-family: var(--font-family-base); font-size: var(--font-size-xxs); font-weight: var(--font-weight-medium); gap: var(--spacing_inset-nano); height: 42px; justify-content: center; line-height: var(--line-height-default); padding: var(--spacing_inset-nano) var(--spacing_inset-sm); width: auto;"
>
  Click Me
</button>
`;

exports[`@elements/button Deve criar um botao de cor padrao quand nenhuma cor for indicada 1`] = `
<button
  style="align-items: center; background-color: transparent; border: var(--border-width-hairline) solid var(--color-primary); border-radius: var(--border-radius-sm); color: var(--color-primary); cursor: pointer; display: flex; font-family: var(--font-family-base); font-size: var(--font-size-xxs); font-weight: var(--font-weight-medium); gap: var(--spacing_inset-nano); height: 42px; justify-content: center; line-height: var(--line-height-default); padding: var(--spacing_inset-nano) var(--spacing_inset-sm); width: auto;"
>
  Click Me
</button>
`;
